        double flowerNoise = Biome.BIOME_INFO_NOISE.getValue(origin.getX() / 200.0, origin.getZ() / 200.0, false);
                                  ^
/home/runner/work/MCRe-NoiseFarlandsJava/MCRe-NoiseFarlandsJava/src/main/java/net/minecraft/server/jsonrpc/methods/ClientInfo.java:16: error: missing return statement
    }
    ^
/home/runner/work/MCRe-NoiseFarlandsJava/MCRe-NoiseFarlandsJava/src/main/java/com/sun/jna/Native.java:264: warning: [removal] finalize() in Object has been deprecated and marked for removal
        protected void finalize() throws Throwable {
                       ^
--
            super.finalize();
                 ^
/home/runner/work/MCRe-NoiseFarlandsJava/MCRe-NoiseFarlandsJava/src/main/java/net/minecraft/server/commands/WorldBorderCommand.java:58: error: incompatible types: bad return type in lambda expression
                                    c -> setSize(
                                                ^
    possible lossy conversion from long to int
/home/runner/work/MCRe-NoiseFarlandsJava/MCRe-NoiseFarlandsJava/src/main/java/net/minecraft/server/commands/WorldBorderCommand.java:78: error: incompatible types: bad return type in lambda expression
                                .executes(c -> setSize(c.getSource(), DoubleArgumentType.getDouble(c, "distance"), 0L))
                                                      ^
    possible lossy conversion from long to int
/home/runner/work/MCRe-NoiseFarlandsJava/MCRe-NoiseFarlandsJava/src/main/java/com/microsoft/aad/msal4j/AuthorizationRequestUrlParameters.java:373: warning: [dep-ann] deprecated item is not annotated with @Deprecated
        public Builder responseMode(ResponseMode val) {
